Step 1 : Open VS Code and create a new folder for your project
Step 2 : Open the terminal (Ctrl+`) and run
Step 3 : >>> python -m venv venv
         >>> On Windows use: venv\Scripts\activate
         >>> pip install flask flask-sqlalchemy
         execute these commands for this
Step 4 : Project Structure
        /inventory-app
        ├── app.py          # Main application file
        ├── models.py       # Database models
        ├── templates/      # HTML templates
        │   ├── base.html
        │   ├── products.html
        │   ├── locations.html
        │   ├── movements.html
        │   └── report.html
        └── static/         # CSS/JS files

        make Sure you create this file order

Step 5 : >>>python app.py
Step 6 : Open your browser to http://localhost:5000




MY TERMINAL :

PS C:\Users\Admin\OneDrive\Desktop\inventory_app> pip install -r requirements.txt  # code
Defaulting to user installation because normal site-packages is not writeable
Collecting Flask==2.0.1 (from -r requirements.txt (line 1))
  Downloading Flask-2.0.1-py3-none-any.whl.metadata (3.8 kB)
Collecting Flask-SQLAlchemy==2.5.1 (from -r requirements.txt (line 2))
  Downloading Flask_SQLAlchemy-2.5.1-py2.py3-none-any.whl.metadata (3.1 kB)
Requirement already satisfied: Werkzeug>=2.0 in c:\users\admin\appdata\local\packages\pythonsoftwarefoundation.python.3.12_qbz5n2kfra8p0\localcache\local-packages\python312\site-packages (from Flask==2.0.1->-r requirements.txt (line 1)) (3.1.3)
Requirement already satisfied: Jinja2>=3.0 in c:\users\admin\appdata\local\packages\pythonsoftwarefoundation.python.3.12_qbz5n2kfra8p0\localcache\local-packages\python312\site-packages (from Flask==2.0.1->-r requirements.txt (line 1)) (3.1.6)
Requirement already satisfied: itsdangerous>=2.0 in c:\users\admin\appdata\local\packages\pythonsoftwarefoundation.python.3.12_qbz5n2kfra8p0\localcache\local-packages\python312\site-packages (from Flask==2.0.1->-r requirements.txt (line 1)) (2.2.0)
Requirement already satisfied: click>=7.1.2 in c:\users\admin\appdata\local\packages\pythonsoftwarefoundation.python.3.12_qbz5n2kfra8p0\localcache\local-packages\python312\site-packages (from Flask==2.0.1->-r requirements.txt (line 1)) (8.1.8)
Requirement already satisfied: SQLAlchemy>=0.8.0 in c:\users\admin\appdata\local\packages\pythonsoftwarefoundation.python.3.12_qbz5n2kfra8p0\localcache\local-packages\python312\site-packages (from Flask-SQLAlchemy==2.5.1->-r requirements.txt (line 2)) (2.0.39)
Requirement already satisfied: colorama in c:\users\admin\appdata\local\packages\pythonsoftwarefoundation.python.3.12_qbz5n2kfra8p0\localcache\local-packages\python312\site-packages (from click>=7.1.2->Flask==2.0.1->-r requirements.txt (line 1)) (0.4.6)       
Requirement already satisfied: MarkupSafe>=2.0 in c:\users\admin\appdata\local\packages\pythonsoftwarefoundation.python.3.12_qbz5n2kfra8p0\localcache\local-packages\python312\site-packages (from Jinja2>=3.0->Flask==2.0.1->-r requirements.txt (line 1)) (3.0.2) 
Requirement already satisfied: greenlet!=0.4.17 in c:\users\admin\appdata\local\packages\pythonsoftwarefoundation.python.3.12_qbz5n2kfra8p0\localcache\local-packages\python312\site-packages (from SQLAlchemy>=0.8.0->Flask-SQLAlchemy==2.5.1->-r requirements.txt (line 2)) (3.1.1)
Requirement already satisfied: typing-extensions>=4.6.0 in c:\users\admin\appdata\local\packages\pythonsoftwarefoundation.python.3.12_qbz5n2kfra8p0\localcache\local-packages\python312\site-packages (from SQLAlchemy>=0.8.0->Flask-SQLAlchemy==2.5.1->-r requirements.txt (line 2)) (4.12.2)
Downloading Flask-2.0.1-py3-none-any.whl (94 kB)
Downloading Flask_SQLAlchemy-2.5.1-py2.py3-none-any.whl (17 kB)
Installing collected packages: Flask, Flask-SQLAlchemy
  Attempting uninstall: Flask
    Found existing installation: Flask 3.1.0
    Uninstalling Flask-3.1.0:
      Successfully uninstalled Flask-3.1.0
  WARNING: The script flask.exe is installed in 'C:\Users\Admin\AppData\Local\Packages\PythonSoftwareFoundation.Python.3.12_qbz5n2kfra8p0\LocalCache\local-packages\Python312\Scripts' which is not on PATH.    
  Consider adding this directory to PATH or, if you prefer to suppress this warning, use --no-warn-script-location.
  Attempting uninstall: Flask-SQLAlchemy
    Found existing installation: Flask-SQLAlchemy 3.1.1
    Uninstalling Flask-SQLAlchemy-3.1.1:
      Successfully uninstalled Flask-SQLAlchemy-3.1.1
Successfully installed Flask-2.0.1 Flask-SQLAlchemy-2.5.1

[notice] A new release of pip is available: 25.0.1 -> 25.1
[notice] To update, run: C:\Users\Admin\AppData\Local\Microsoft\WindowsApps\PythonSoftwareFoundation.Python.3.12_qbz5n2kfra8p0\python.exe -m pip install --upgrade pip
PS C:\Users\Admin\OneDrive\Desktop\inventory_app> python app.py  # code
Traceback (most recent call last):
  File "C:\Users\Admin\OneDrive\Desktop\inventory_app\app.py", line 1, in <module>
    from flask import Flask, render_template, request, redirect, url_for, flash
  File "C:\Users\Admin\AppData\Local\Packages\PythonSoftwareFoundation.Python.3.12_qbz5n2kfra8p0\LocalCache\local-packages\Python312\site-packages\flask\__init__.py", line 7, in <module>
    from .app import Flask as Flask
  File "C:\Users\Admin\AppData\Local\Packages\PythonSoftwareFoundation.Python.3.12_qbz5n2kfra8p0\LocalCache\local-packages\Python312\site-packages\flask\app.py", line 28, in <module>
    from . import cli
  File "C:\Users\Admin\AppData\Local\Packages\PythonSoftwareFoundation.Python.3.12_qbz5n2kfra8p0\LocalCache\local-packages\Python312\site-packages\flask\cli.py", line 18, in <module>
    from .helpers import get_debug_flag
  File "C:\Users\Admin\AppData\Local\Packages\PythonSoftwareFoundation.Python.3.12_qbz5n2kfra8p0\LocalCache\local-packages\Python312\site-packages\flask\helpers.py", line 16, in <module>
    from werkzeug.urls import url_quote
ImportError: cannot import name 'url_quote' from 'werkzeug.urls' (C:\Users\Admin\AppData\Local\Packages\PythonSoftwareFoundation.Python.3.12_qbz5n2kfra8p0\LocalCache\local-packages\Python312\site-packages\werkzeug\urls.py). Did you mean: 'unquote'?
PS C:\Users\Admin\OneDrive\Desktop\inventory_app> pip install -r requirements.txt --upgrade  #  code
Defaulting to user installation because normal site-packages is not writeable
Collecting Flask==2.1.0 (from -r requirements.txt (line 1))
  Downloading Flask-2.1.0-py3-none-any.whl.metadata (3.9 kB)
Requirement already satisfied: Flask-SQLAlchemy==2.5.1 in c:\users\admin\appdata\local\packages\pythonsoftwarefoundation.python.3.12_qbz5n2kfra8p0\localcache\local-packages\python312\site-packages (from -r requirements.txt (line 2)) (2.5.1)
Collecting Werkzeug==2.1.2 (from -r requirements.txt (line 3))
  Downloading Werkzeug-2.1.2-py3-none-any.whl.metadata (4.4 kB)
Requirement already satisfied: Jinja2>=3.0 in c:\users\admin\appdata\local\packages\pythonsoftwarefoundation.python.3.12_qbz5n2kfra8p0\localcache\local-packages\python312\site-packages (from Flask==2.1.0->-r requirements.txt (line 1)) (3.1.6)
Requirement already satisfied: itsdangerous>=2.0 in c:\users\admin\appdata\local\packages\pythonsoftwarefoundation.python.3.12_qbz5n2kfra8p0\localcache\local-packages\python312\site-packages (from Flask==2.1.0->-r requirements.txt (line 1)) (2.2.0)
Requirement already satisfied: click>=8.0 in c:\users\admin\appdata\local\packages\pythonsoftwarefoundation.python.3.12_qbz5n2kfra8p0\localcache\local-packages\python312\site-packages (from Flask==2.1.0->-r requirements.txt (line 1)) (8.1.8)
Requirement already satisfied: SQLAlchemy>=0.8.0 in c:\users\admin\appdata\local\packages\pythonsoftwarefoundation.python.3.12_qbz5n2kfra8p0\localcache\local-packages\python312\site-packages (from Flask-SQLAlchemy==2.5.1->-r requirements.txt (line 2)) (2.0.39)
Requirement already satisfied: colorama in c:\users\admin\appdata\local\packages\pythonsoftwarefoundation.python.3.12_qbz5n2kfra8p0\localcache\local-packages\python312\site-packages (from click>=8.0->Flask==2.1.0->-r requirements.txt (line 1)) (0.4.6)
Requirement already satisfied: MarkupSafe>=2.0 in c:\users\admin\appdata\local\packages\pythonsoftwarefoundation.python.3.12_qbz5n2kfra8p0\localcache\local-packages\python312\site-packages (from Jinja2>=3.0->Flask==2.1.0->-r requirements.txt (line 1)) (3.0.2) 
Requirement already satisfied: greenlet!=0.4.17 in c:\users\admin\appdata\local\packages\pythonsoftwarefoundation.python.3.12_qbz5n2kfra8p0\localcache\local-packages\python312\site-packages (from SQLAlchemy>=0.8.0->Flask-SQLAlchemy==2.5.1->-r requirements.txt (line 2)) (3.1.1)
Requirement already satisfied: typing-extensions>=4.6.0 in c:\users\admin\appdata\local\packages\pythonsoftwarefoundation.python.3.12_qbz5n2kfra8p0\localcache\local-packages\python312\site-packages (from SQLAlchemy>=0.8.0->Flask-SQLAlchemy==2.5.1->-r requirements.txt (line 2)) (4.12.2)
Downloading Flask-2.1.0-py3-none-any.whl (95 kB)
Downloading Werkzeug-2.1.2-py3-none-any.whl (224 kB)
Installing collected packages: Werkzeug, Flask
  Attempting uninstall: Werkzeug
    Found existing installation: Werkzeug 3.1.3
    Uninstalling Werkzeug-3.1.3:
      Successfully uninstalled Werkzeug-3.1.3
  Attempting uninstall: Flask
    Found existing installation: Flask 2.0.1
    Uninstalling Flask-2.0.1:
      Successfully uninstalled Flask-2.0.1
  WARNING: The script flask.exe is installed in 'C:\Users\Admin\AppData\Local\Packages\PythonSoftwareFoundation.Python.3.12_qbz5n2kfra8p0\Loprprefer to suppress this warning, use --no-warn-script-location.
Successfully installed Flask-2.1.0 Werkzeug-2.1.2
prefer to suppress this warning, use --no-warn-script-location.
Successfully installed Flask-2.1.0 Werkzeug-2.1.2

[notice] A new release of pip is available: 25.0.1 -> 25.1
[notice] To update, run: C:\Users\Admin\AppData\Local\Microsoft\WindowsApps\PythonSoftwareFoundation.Python.3.12_qbz5n2kfra8p0\python.exe -m pip install --upgrade pip
PS C:\Users\Admin\OneDrive\Desktop\inventory_app> python -m venv
venv    # code                                                     
PS C:\Users\Admin\OneDrive\Desktop\inventory_app> venv\Scripts\activate    # code
(venv) PS C:\Users\Admin\OneDrive\Desktop\inventory_app> python app.py  #code
Traceback (most recent call last):
  File "C:\Users\Admin\OneDrive\Desktop\inventory_app\app.py", line 1, in <module>
    from flask import Flask, render_template, request, redirect, url_for, flash
ModuleNotFoundError: No module named 'flask'
(venv) PS C:\Users\Admin\OneDrive\Desktop\inventory_app> pip show flask  #code
WARNING: Package(s) not found: flask
(venv) PS C:\Users\Admin\OneDrive\Desktop\inventory_app> pip install flask flask-sqlalchemy #code
Collecting flask
  Using cached flask-3.1.0-py3-none-any.whl.metadata (2.7 kB)
Collecting flask-sqlalchemy
  Using cached flask_sqlalchemy-3.1.1-py3-none-any.whl.metadata (3.4 kB)
Collecting Werkzeug>=3.1 (from flask)
  Using cached werkzeug-3.1.3-py3-none-any.whl.metadata (3.7 kB)
Collecting Jinja2>=3.1.2 (from flask)
  Using cached jinja2-3.1.6-py3-none-any.whl.metadata (2.9 kB)
Collecting itsdangerous>=2.2 (from flask)
  Using cached itsdangerous-2.2.0-py3-none-any.whl.metadata (1.9 kB)
Collecting click>=8.1.3 (from flask)
  Using cached click-8.1.8-py3-none-any.whl.metadata (2.3 kB)
Collecting blinker>=1.9 (from flask)
  Using cached blinker-1.9.0-py3-none-any.whl.metadata (1.6 kB)
Collecting sqlalchemy>=2.0.16 (from flask-sqlalchemy)
  Using cached sqlalchemy-2.0.40-cp312-cp312-win_amd64.whl.metadata (9.9 kB)
Collecting colorama (from click>=8.1.3->flask)
  Using cached colorama-0.4.6-py2.py3-none-any.whl.metadata (17 kB)
Collecting MarkupSafe>=2.0 (from Jinja2>=3.1.2->flask)
  Using cached MarkupSafe-3.0.2-cp312-cp312-win_amd64.whl.metadata (4.1 kB)
Collecting greenlet>=1 (from sqlalchemy>=2.0.16->flask-sqlalchemy)
  Using cached greenlet-3.2.1-cp312-cp312-win_amd64.whl.metadata (4.2 kB)
Collecting typing-extensions>=4.6.0 (from sqlalchemy>=2.0.16->flask-sqlalchemy)
  Using cached typing_extensions-4.13.2-py3-none-any.whl.metadata (3.0 kB)
Using cached flask-3.1.0-py3-none-any.whl (102 kB)
Using cached flask_sqlalchemy-3.1.1-py3-none-any.whl (25 kB)
Using cached blinker-1.9.0-py3-none-any.whl (8.5 kB)
Using cached click-8.1.8-py3-none-any.whl (98 kB)
Using cached itsdangerous-2.2.0-py3-none-any.whl (16 kB)
Using cached jinja2-3.1.6-py3-none-any.whl (134 kB)
Using cached sqlalchemy-2.0.40-cp312-cp312-win_amd64.whl (2.1 MB)
Using cached werkzeug-3.1.3-py3-none-any.whl (224 kB)
Using cached greenlet-3.2.1-cp312-cp312-win_amd64.whl (296 kB)
Using cached MarkupSafe-3.0.2-cp312-cp312-win_amd64.whl (15 kB)
Using cached typing_extensions-4.13.2-py3-none-any.whl (45 kB)
Using cached colorama-0.4.6-py2.py3-none-any.whl (25 kB)
Installing collected packages: typing-extensions, MarkupSafe, itsdangerous, greenlet, colorama, blinker, Werkzeug, sqlalchemy, Jinja2, click, flask, flask-sqlalchemy
Successfully installed Jinja2-3.1.6 MarkupSafe-3.0.2 Werkzeug-3.1.3 blinker-1.9.0 click-8.1.8 colorama-0.4.6 flask-3.1.0 flask-sqlalchemy-3.1.1 greenlet-3.2.1 itsdangerous-2.2.0 sqlalchemy-2.0.40 typing-extensions-4.13.2

[notice] A new release of pip is available: 25.0.1 -> 25.1
[notice] To update, run: python.exe -m pip install --upgrade pip
(venv) PS C:\Users\Admin\OneDrive\Desktop\inventory_app> python.exe -m pip install  #code

[notice] A new release of pip is available: 25.0.1 -> 25.1
[notice] To update, run: python.exe -m pip install --upgrade pip
ERROR: You must give at least one requirement to install (see "pip help install")
(venv) PS C:\Users\Admin\OneDrive\Desktop\inventory_app> python app.py  #code
 * Serving Flask app 'app'
 * Debug mode: on
WARNING: This is a development server. Do not use it in a production deployment. Use a production WSGI server instead.
 * Running on http://127.0.0.1:5000
Press CTRL+C to quit
 * Restarting with stat
 * Debugger is active!
 * Debugger PIN: 102-161-143

IT should show like this then only your output will be viewed 

127.0.0.1 - - [29/Apr/2025 13:45:33] "GET / HTTP/1.1" 200 -
127.0.0.1 - - [29/Apr/2025 13:45:33] "GET /static/style.css HTTP/1.1" 200 -
127.0.0.1 - - [29/Apr/2025 13:45:33] "GET /favicon.ico HTTP/1.1" 404 -
127.0.0.1 - - [29/Apr/2025 13:45:53] "GET /products HTTP/1.1" 200 -
127.0.0.1 - - [29/Apr/2025 13:45:53] "GET /static/style.css HTTP/1.1" 304 -
127.0.0.1 - - [29/Apr/2025 13:46:12] "GET /locations HTTP/1.1" 200 -
127.0.0.1 - - [29/Apr/2025 13:46:12] "GET /static/style.css HTTP/1.1" 304 -
127.0.0.1 - - [29/Apr/2025 13:46:14] "GET /movements HTTP/1.1" 200 -
127.0.0.1 - - [29/Apr/2025 13:46:14] "GET /static/style.css HTTP/1.1" 304 -
127.0.0.1 - - [29/Apr/2025 13:46:15] "GET /report HTTP/1.1" 200 -
127.0.0.1 - - [29/Apr/2025 13:46:15] "GET /static/style.css HTTP/1.1" 304 -
127.0.0.1 - - [29/Apr/2025 13:46:19] "GET / HTTP/1.1" 200 -
127.0.0.1 - - [29/Apr/2025 13:46:19] "GET /static/style.css HTTP/1.1" 304 -
127.0.0.1 - - [29/Apr/2025 13:47:38] "GET /products HTTP/1.1" 200 -
127.0.0.1 - - [29/Apr/2025 13:47:38] "GET /static/style.css HTTP/1.1" 304 -
C:\Users\Admin\OneDrive\Desktop\inventory_app\app.py:30: LegacyAPIWarning: The Query.get() method is considered legacy as of the 1.x series of SQLAlchemy and becomes a legacy construct in 2.0. The method is now available as Session.get() (deprecated since: 2.0) (Background on SQLAlchemy 2.0 at: https://sqlalche.me/e/b8d9)
  if Product.query.get(product_id):
127.0.0.1 - - [29/Apr/2025 13:47:51] "POST /products HTTP/1.1" 302 -
127.0.0.1 - - [29/Apr/2025 13:47:51] "GET /products HTTP/1.1" 200 -
127.0.0.1 - - [29/Apr/2025 13:47:51] "GET /static/style.css HTTP/1.1" 304 -
127.0.0.1 - - [29/Apr/2025 13:47:54] "GET /locations HTTP/1.1" 200 -
127.0.0.1 - - [29/Apr/2025 13:47:54] "GET /static/style.css HTTP/1.1" 304 -
C:\Users\Admin\OneDrive\Desktop\inventory_app\app.py:79: LegacyAPIWarning: The Query.get() method is considered legacy as of the 1.x series of SQLAlchemy and becomes a legacy construct in 2.0. The method is now available as Session.get() (deprecated since: 2.0) (Background on SQLAlchemy 2.0 at: https://sqlalche.me/e/b8d9)
  if Location.query.get(location_id):
127.0.0.1 - - [29/Apr/2025 13:48:04] "POST /locations HTTP/1.1" 302 -
127.0.0.1 - - [29/Apr/2025 13:48:04] "GET /locations HTTP/1.1" 200 -
127.0.0.1 - - [29/Apr/2025 13:48:04] "GET /static/style.css HTTP/1.1" 304 -
127.0.0.1 - - [29/Apr/2025 13:48:07] "GET /movements HTTP/1.1" 200 -
127.0.0.1 - - [29/Apr/2025 13:48:07] "GET /static/style.css HTTP/1.1" 304 -
127.0.0.1 - - [29/Apr/2025 13:48:25] "POST /movements HTTP/1.1" 302 -
127.0.0.1 - - [29/Apr/2025 13:48:25] "GET /movements HTTP/1.1" 200 -
127.0.0.1 - - [29/Apr/2025 13:48:25] "GET /static/style.css HTTP/1.1" 304 -
127.0.0.1 - - [29/Apr/2025 13:48:34] "GET /report HTTP/1.1" 200 -
127.0.0.1 - - [29/Apr/2025 13:48:34] "GET /static/style.css HTTP/1.1" 304 -
127.0.0.1 - - [29/Apr/2025 13:48:49] "GET / HTTP/1.1" 200 -
127.0.0.1 - - [29/Apr/2025 13:48:49] "GET /static/style.css HTTP/1.1" 304 -
127.0.0.1 - - [29/Apr/2025 13:49:09] "GET / HTTP/1.1" 200 -
127.0.0.1 - - [29/Apr/2025 13:49:09] "GET /static/style.css HTTP/1.1" 304 -
127.0.0.1 - - [29/Apr/2025 13:49:11] "GET /products HTTP/1.1" 200 -
127.0.0.1 - - [29/Apr/2025 13:49:11] "GET /static/style.css HTTP/1.1" 304 -
127.0.0.1 - - [29/Apr/2025 13:49:15] "GET /locations HTTP/1.1" 200 -
127.0.0.1 - - [29/Apr/2025 13:49:16] "GET /static/style.css HTTP/1.1" 304 -
127.0.0.1 - - [29/Apr/2025 13:49:21] "GET /movements HTTP/1.1" 200 -
127.0.0.1 - - [29/Apr/2025 13:49:21] "GET /static/style.css HTTP/1.1" 304 -
127.0.0.1 - - [29/Apr/2025 13:49:34] "GET /report HTTP/1.1" 200 -
127.0.0.1 - - [29/Apr/2025 13:49:34] "GET /static/style.css HTTP/1.1" 304 -



roll no,fraction,string,boolean,decimal